// Jest Snapshot v1, https://goo.gl/fbAQLP

exports[`Welcome-screen correctly renders 1`] = `
<main
  className="page__main page__main--index"
>
  <h1
    className="visually-hidden"
  >
    Cities
  </h1>
  <div
    className="cities tabs"
  >
    <section
      className="locations container"
    >
      <ul
        className="locations__list tabs__list"
      >
        <li
          className="locations__item"
        >
          <a
            className="locations__item-link tabs__item  "
            href="#"
            onClick={[Function]}
          >
            <span>
              Brussels
            </span>
          </a>
        </li>
        <li
          className="locations__item"
        >
          <a
            className="locations__item-link tabs__item  "
            href="#"
            onClick={[Function]}
          >
            <span>
              Amsterdam
            </span>
          </a>
        </li>
        <li
          className="locations__item"
        >
          <a
            className="locations__item-link tabs__item  "
            href="#"
            onClick={[Function]}
          >
            <span>
              Cologne
            </span>
          </a>
        </li>
        <li
          className="locations__item"
        >
          <a
            className="locations__item-link tabs__item tabs__item--active "
            onClick={[Function]}
          >
            <span>
              Paris
            </span>
          </a>
        </li>
      </ul>
    </section>
  </div>
  <div
    className="cities__places-wrapper"
  >
    <div
      className="cities__places-container container"
    >
      <section
        className="cities__places places"
      >
        <h2
          className="visually-hidden"
        >
          Places
        </h2>
        <b
          className="places__found"
        >
          4
           places to stay in 
          Paris
        </b>
        <form
          action="#"
          className="places__sorting"
          method="get"
        >
          <span
            className="places__sorting-caption"
          >
            Sort by
          </span>
          <select
            className="places__sorting-type"
            id="places-sorting"
            onChange={[Function]}
          >
            <option
              className="places__option"
              value="popular"
            >
              Popular
            </option>
            <option
              className="places__option"
              value="to-high"
            >
              Price: low to high
            </option>
            <option
              className="places__option"
              value="to-low"
            >
              Price: high to low
            </option>
            <option
              className="places__option"
              value="top-rated"
            >
              Top rated first
            </option>
          </select>
        </form>
        <div
          className="cities__places-list places__list tabs__content"
        >
          <article
            className="cities__card place-card"
          >
            <div
              className="place-card__mark"
            >
              <span>
                Premium
              </span>
            </div>
            <div
              className="cities__image-wrapper place-card__image-wrapper"
            >
              <a
                href="#"
                onClick={[Function]}
              >
                <img
                  alt="Place image"
                  className="place-card__image"
                  height="200"
                  src="https://es31-server.appspot.com/six-cities/static/hotel/19.jpg"
                  width="260"
                />
              </a>
            </div>
            <div
              className=" place-card__info"
            >
              <div
                className="place-card__price-wrapper"
              >
                <div
                  className="place-card__price"
                >
                  <b
                    className="place-card__price-value"
                  >
                    €
                    324
                  </b>
                  <span
                    className="place-card__price-text"
                  >
                    / night
                  </span>
                </div>
                <button
                  className="place-card__bookmark-button  button"
                  onClick={[Function]}
                  type="button"
                >
                  <svg
                    className="place-card__bookmark-icon"
                    height="19"
                    width="18"
                  >
                    <use
                      xlinkHref="#icon-bookmark"
                    />
                  </svg>
                  <span
                    className="visually-hidden"
                  >
                    To bookmarks
                  </span>
                </button>
              </div>
              <div
                className="place-card__rating rating"
              >
                <div
                  className="place-card__stars rating__stars"
                >
                  <span
                    style={
                      Object {
                        "width": "72%",
                      }
                    }
                  />
                  <span
                    className="visually-hidden"
                  >
                    Rating
                  </span>
                </div>
              </div>
              <h2
                className="place-card__name"
              >
                <a
                  onClick={[Function]}
                >
                  Beautiful & luxurious apartment at great location
                </a>
              </h2>
              <p
                className="place-card__type"
              >
                room
              </p>
            </div>
          </article>
          <article
            className="cities__card place-card"
          >
            <div
              className="place-card__mark"
            >
              <span>
                Premium
              </span>
            </div>
            <div
              className="cities__image-wrapper place-card__image-wrapper"
            >
              <a
                href="#"
                onClick={[Function]}
              >
                <img
                  alt="Place image"
                  className="place-card__image"
                  height="200"
                  src="https://es31-server.appspot.com/six-cities/static/hotel/19.jpg"
                  width="260"
                />
              </a>
            </div>
            <div
              className=" place-card__info"
            >
              <div
                className="place-card__price-wrapper"
              >
                <div
                  className="place-card__price"
                >
                  <b
                    className="place-card__price-value"
                  >
                    €
                    322
                  </b>
                  <span
                    className="place-card__price-text"
                  >
                    / night
                  </span>
                </div>
                <button
                  className="place-card__bookmark-button  button"
                  onClick={[Function]}
                  type="button"
                >
                  <svg
                    className="place-card__bookmark-icon"
                    height="19"
                    width="18"
                  >
                    <use
                      xlinkHref="#icon-bookmark"
                    />
                  </svg>
                  <span
                    className="visually-hidden"
                  >
                    To bookmarks
                  </span>
                </button>
              </div>
              <div
                className="place-card__rating rating"
              >
                <div
                  className="place-card__stars rating__stars"
                >
                  <span
                    style={
                      Object {
                        "width": "72%",
                      }
                    }
                  />
                  <span
                    className="visually-hidden"
                  >
                    Rating
                  </span>
                </div>
              </div>
              <h2
                className="place-card__name"
              >
                <a
                  onClick={[Function]}
                >
                  Beautiful & luxurious apartment at great location
                </a>
              </h2>
              <p
                className="place-card__type"
              >
                hotel
              </p>
            </div>
          </article>
          <article
            className="cities__card place-card"
          >
            <div
              className="place-card__mark"
            >
              <span>
                Premium
              </span>
            </div>
            <div
              className="cities__image-wrapper place-card__image-wrapper"
            >
              <a
                href="#"
                onClick={[Function]}
              >
                <img
                  alt="Place image"
                  className="place-card__image"
                  height="200"
                  src="https://es31-server.appspot.com/six-cities/static/hotel/19.jpg"
                  width="260"
                />
              </a>
            </div>
            <div
              className=" place-card__info"
            >
              <div
                className="place-card__price-wrapper"
              >
                <div
                  className="place-card__price"
                >
                  <b
                    className="place-card__price-value"
                  >
                    €
                    80
                  </b>
                  <span
                    className="place-card__price-text"
                  >
                    / night
                  </span>
                </div>
                <button
                  className="place-card__bookmark-button  button"
                  onClick={[Function]}
                  type="button"
                >
                  <svg
                    className="place-card__bookmark-icon"
                    height="19"
                    width="18"
                  >
                    <use
                      xlinkHref="#icon-bookmark"
                    />
                  </svg>
                  <span
                    className="visually-hidden"
                  >
                    To bookmarks
                  </span>
                </button>
              </div>
              <div
                className="place-card__rating rating"
              >
                <div
                  className="place-card__stars rating__stars"
                >
                  <span
                    style={
                      Object {
                        "width": "30%",
                      }
                    }
                  />
                  <span
                    className="visually-hidden"
                  >
                    Rating
                  </span>
                </div>
              </div>
              <h2
                className="place-card__name"
              >
                <a
                  onClick={[Function]}
                >
                  Wood and stone place
                </a>
              </h2>
              <p
                className="place-card__type"
              >
                private room
              </p>
            </div>
          </article>
          <article
            className="cities__card place-card"
          >
            <div
              className="place-card__mark"
            >
              <span>
                Premium
              </span>
            </div>
            <div
              className="cities__image-wrapper place-card__image-wrapper"
            >
              <a
                href="#"
                onClick={[Function]}
              >
                <img
                  alt="Place image"
                  className="place-card__image"
                  height="200"
                  src="https://es31-server.appspot.com/six-cities/static/hotel/19.jpg"
                  width="260"
                />
              </a>
            </div>
            <div
              className=" place-card__info"
            >
              <div
                className="place-card__price-wrapper"
              >
                <div
                  className="place-card__price"
                >
                  <b
                    className="place-card__price-value"
                  >
                    €
                    80
                  </b>
                  <span
                    className="place-card__price-text"
                  >
                    / night
                  </span>
                </div>
                <button
                  className="place-card__bookmark-button  button"
                  onClick={[Function]}
                  type="button"
                >
                  <svg
                    className="place-card__bookmark-icon"
                    height="19"
                    width="18"
                  >
                    <use
                      xlinkHref="#icon-bookmark"
                    />
                  </svg>
                  <span
                    className="visually-hidden"
                  >
                    To bookmarks
                  </span>
                </button>
              </div>
              <div
                className="place-card__rating rating"
              >
                <div
                  className="place-card__stars rating__stars"
                >
                  <span
                    style={
                      Object {
                        "width": "30%",
                      }
                    }
                  />
                  <span
                    className="visually-hidden"
                  >
                    Rating
                  </span>
                </div>
              </div>
              <h2
                className="place-card__name"
              >
                <a
                  onClick={[Function]}
                >
                  Wood and stone place
                </a>
              </h2>
              <p
                className="place-card__type"
              >
                apartment
              </p>
            </div>
          </article>
        </div>
      </section>
      <div
        className="cities__right-section"
      >
        <section
          className="cities__map map"
        >
          <div
            id="map"
            style={
              Object {
                "height": "100%",
              }
            }
          />
        </section>
      </div>
    </div>
  </div>
  }
</main>
`;
